==========================================
SLURM_JOB_ID = 102126
SLURM_NODELIST = ubuntu22
==========================================
Initial nucleus : 1n
Final nucleus: 1H
Delta =  1293.1589604882981 keV
[TreeLevel] Efficiency: 50.5973 %
PH          : 0.008451
r_rho       : 1.504302 %
nS : 19830956   nH : 169044   nS/nTotal : 0.9915
[Hard] Efficiency H: 25.6539 %
[Soft] Efficiency: 50.4952 %
Done
Histograms saved in :
  /hist/hist_electron_spectrum_1H.txt
  /hist/hist_radiative_ratio_1H.txt
  /hist/hist_recoil_spectrum_1H.txt
  /hist/hist_recoil_residual_1H.txt
Execution time : 1765.3141935802996 secondes
