==========================================
SLURM_JOB_ID = 88466
SLURM_NODELIST = ubuntu22
==========================================
Initial nucleus : 90Sr
Final nucleus: 90Y
Delta =  1057.040524167472 keV
[Spectrum] Construction of the interpolator from ../data/90Y_BS_output.txt ...
[Spectrum] Interpolator ready.
[TreeLevel] Efficiency: 54.2392 %
PH          : 0.005668
r_rho       : 1.581724 %
nS : 99432505   nH : 567495   nS/nTotal : 0.9943
[Hard] Efficiency H: 29.0505 %
[Soft] Efficiency: 24.2624 %
Done
Histograms saved in :
  /hist/hist_electron_spectrum.txt
  /hist/hist_radiative_ratio.txt
  /hist/hist_recoil_spectrum.txt
  /hist/hist_recoil_residual.txt
Execution time : 53670.44320371002 secondes
