==========================================
SLURM_JOB_ID = 97842
SLURM_NODELIST = ubuntu22
==========================================
Initial nucleus : 90Y
Final nucleus: 90Zr
Delta =  2786.5536091426034 keV
[Spectrum] Construction of the interpolator from ../data/90Zr_BS_output.txt ...
[Spectrum] Interpolator ready.
[TreeLevel] Efficiency: 60.1051 %
PH          : 0.020609
r_rho       : 1.273161 %
nS : 97941118   nH : 2058882   nS/nTotal : 0.9794
[Hard] Efficiency H: 30.7860 %
[Soft] Efficiency: 59.8926 %
Done
Histograms saved in :
  /hist/hist_electron_spectrum.txt
  /hist/hist_radiative_ratio.txt
  /hist/hist_recoil_spectrum.txt
  /hist/hist_recoil_residual.txt
Execution time : 29215.343855001032 secondes
