==========================================
SLURM_JOB_ID = 99202
SLURM_NODELIST = ubuntu22
==========================================
Initial nucleus : 90Y
Final nucleus: 90Zr
Delta =  2786.5536091426034 keV
[Spectrum] Construction of the interpolator from ../data/90Zr_BS_output.txt ...
[Spectrum] Interpolator ready.
[TreeLevel] Efficiency: 60.1212 %
PH          : 0.020606
r_rho       : 1.272931 %
nS : 4897190   nH : 102810   nS/nTotal : 0.9794
[Hard] Efficiency H: 30.8405 %
[Soft] Efficiency: 59.8823 %
Done
Histograms saved in :
  /hist/hist_electron_spectrum_90Zr.txt
  /hist/hist_radiative_ratio_90Zr.txt
  /hist/hist_recoil_spectrum_90Zr.txt
  /hist/hist_recoil_residual_90Zr.txt
Execution time : 1315.568679632619 secondes
