==========================================
SLURM_JOB_ID = 102125
SLURM_NODELIST = ubuntu22
==========================================
Initial nucleus : 1n
Final nucleus: 1H
Delta =  1293.1589604882981 keV
[TreeLevel] Efficiency: 50.5961 %
PH          : 0.008446
r_rho       : 1.503707 %
nS : 4958195   nH : 41805   nS/nTotal : 0.9916
[Hard] Efficiency H: 25.5614 %
[Soft] Efficiency: 50.4993 %
Done
Histograms saved in :
  /hist/hist_electron_spectrum_1H.txt
  /hist/hist_radiative_ratio_1H.txt
  /hist/hist_recoil_spectrum_1H.txt
  /hist/hist_recoil_residual_1H.txt
Execution time : 441.26878639124334 secondes
